------------------------------------------------------------
Timing Analyzer Summary
------------------------------------------------------------

Type  : Slow 1200mV 85C Model Setup 'MAX10_CLK1_50'
Slack : -3.153
TNS   : -70.381

Type  : Slow 1200mV 85C Model Hold 'MAX10_CLK1_50'
Slack : 0.645
TNS   : 0.000

Type  : Slow 1200mV 85C Model Minimum Pulse Width 'MAX10_CLK1_50'
Slack : -3.000
TNS   : -49.299

Type  : Slow 1200mV 85C Model Minimum Pulse Width 'clock:normal_time|out_put'
Slack : -1.403
TNS   : -2.806

Type  : Slow 1200mV 0C Model Setup 'MAX10_CLK1_50'
Slack : -2.768
TNS   : -60.234

Type  : Slow 1200mV 0C Model Hold 'MAX10_CLK1_50'
Slack : 0.596
TNS   : 0.000

Type  : Slow 1200mV 0C Model Minimum Pulse Width 'MAX10_CLK1_50'
Slack : -3.000
TNS   : -49.299

Type  : Slow 1200mV 0C Model Minimum Pulse Width 'clock:normal_time|out_put'
Slack : -1.403
TNS   : -2.806

Type  : Fast 1200mV 0C Model Setup 'MAX10_CLK1_50'
Slack : -0.763
TNS   : -11.507

Type  : Fast 1200mV 0C Model Hold 'MAX10_CLK1_50'
Slack : 0.250
TNS   : 0.000

Type  : Fast 1200mV 0C Model Minimum Pulse Width 'MAX10_CLK1_50'
Slack : -3.000
TNS   : -41.673

Type  : Fast 1200mV 0C Model Minimum Pulse Width 'clock:normal_time|out_put'
Slack : -1.000
TNS   : -2.000

------------------------------------------------------------
