------------------------------------------------------------
Timing Analyzer Summary
------------------------------------------------------------

Type  : Slow 1200mV 85C Model Setup 'game_clk:norm_clk|out_clk'
Slack : -334.610
TNS   : -42363.468

Type  : Slow 1200mV 85C Model Setup 'disp_clk|altpll_component|auto_generated|pll1|clk[0]'
Slack : -20.340
TNS   : -603.418

Type  : Slow 1200mV 85C Model Setup 'clk50MHz'
Slack : 5.668
TNS   : 0.000

Type  : Slow 1200mV 85C Model Hold 'disp_clk|altpll_component|auto_generated|pll1|clk[0]'
Slack : 0.244
TNS   : 0.000

Type  : Slow 1200mV 85C Model Hold 'game_clk:norm_clk|out_clk'
Slack : 0.321
TNS   : 0.000

Type  : Slow 1200mV 85C Model Hold 'clk50MHz'
Slack : 0.646
TNS   : 0.000

Type  : Slow 1200mV 85C Model Minimum Pulse Width 'game_clk:norm_clk|out_clk'
Slack : -3.166
TNS   : -295.222

Type  : Slow 1200mV 85C Model Minimum Pulse Width 'clk50MHz'
Slack : 4.634
TNS   : 0.000

Type  : Slow 1200mV 85C Model Minimum Pulse Width 'disp_clk|altpll_component|auto_generated|pll1|clk[0]'
Slack : 7.356
TNS   : 0.000

Type  : Slow 1200mV 0C Model Setup 'game_clk:norm_clk|out_clk'
Slack : -309.755
TNS   : -39218.442

Type  : Slow 1200mV 0C Model Setup 'disp_clk|altpll_component|auto_generated|pll1|clk[0]'
Slack : -18.314
TNS   : -541.419

Type  : Slow 1200mV 0C Model Setup 'clk50MHz'
Slack : 6.078
TNS   : 0.000

Type  : Slow 1200mV 0C Model Hold 'disp_clk|altpll_component|auto_generated|pll1|clk[0]'
Slack : 0.202
TNS   : 0.000

Type  : Slow 1200mV 0C Model Hold 'game_clk:norm_clk|out_clk'
Slack : 0.288
TNS   : 0.000

Type  : Slow 1200mV 0C Model Hold 'clk50MHz'
Slack : 0.597
TNS   : 0.000

Type  : Slow 1200mV 0C Model Minimum Pulse Width 'game_clk:norm_clk|out_clk'
Slack : -3.166
TNS   : -295.222

Type  : Slow 1200mV 0C Model Minimum Pulse Width 'clk50MHz'
Slack : 4.645
TNS   : 0.000

Type  : Slow 1200mV 0C Model Minimum Pulse Width 'disp_clk|altpll_component|auto_generated|pll1|clk[0]'
Slack : 7.376
TNS   : 0.000

Type  : Fast 1200mV 0C Model Setup 'game_clk:norm_clk|out_clk'
Slack : -150.411
TNS   : -19045.599

Type  : Fast 1200mV 0C Model Setup 'disp_clk|altpll_component|auto_generated|pll1|clk[0]'
Slack : -8.757
TNS   : -265.180

Type  : Fast 1200mV 0C Model Setup 'clk50MHz'
Slack : 8.215
TNS   : 0.000

Type  : Fast 1200mV 0C Model Hold 'disp_clk|altpll_component|auto_generated|pll1|clk[0]'
Slack : 0.109
TNS   : 0.000

Type  : Fast 1200mV 0C Model Hold 'game_clk:norm_clk|out_clk'
Slack : 0.140
TNS   : 0.000

Type  : Fast 1200mV 0C Model Hold 'clk50MHz'
Slack : 0.250
TNS   : 0.000

Type  : Fast 1200mV 0C Model Minimum Pulse Width 'game_clk:norm_clk|out_clk'
Slack : -1.000
TNS   : -130.000

Type  : Fast 1200mV 0C Model Minimum Pulse Width 'clk50MHz'
Slack : 4.327
TNS   : 0.000

Type  : Fast 1200mV 0C Model Minimum Pulse Width 'disp_clk|altpll_component|auto_generated|pll1|clk[0]'
Slack : 7.403
TNS   : 0.000

------------------------------------------------------------
